C51 COMPILER V9.60.7.0   PROJETOC                                                          05/22/2024 12:59:53 PAGE 1   


C51 COMPILER V9.60.7.0, COMPILATION OF MODULE PROJETOC
OBJECT MODULE PLACED IN .\Objects\projetoC.obj
COMPILER INVOKED BY: F:\Keil_v5\C51\BIN\C51.EXE projetoC.c OPTIMIZE(8,SPEED) BROWSE DEBUG OBJECTEXTEND PRINT(.\Listings\
                    -projetoC.lst) TABS(2) OBJECT(.\Objects\projetoC.obj)

line level    source

   1          #include <reg51.h>
   2          
   3          #define tenthSecond         2 //time to count 0,1 seconds (2 x 50ms)
   4          #define second              20 // time to count 1 second (20 x 50ms)
   5          
   6          // values for display
   7          #define null                0xFF  
   8          #define zeroDot             0x40  
   9          #define oneDot              0x79  
  10          #define twoDot              0x24  
  11          #define threeDot            0x30  
  12          #define fourDot             0x19
  13          #define fiveDot             0x12
  14          #define hifenDot            0x3F
  15          #define zero                0xC0  
  16          #define one                 0xF9  
  17          #define two                 0xA4  
  18          #define three               0xB0  
  19          #define four                0x99  
  20          #define five                0x92  
  21          #define six                 0x82  
  22          #define seven               0xF8  
  23          #define eight               0x80  
  24          #define nine                0x90  
  25          #define hifen               0xBF  
  26          #define aLetter             0x88  
  27          #define bLetter             0x83  
  28          #define cLetter             0xC6  
  29          #define dLetter             0xA1  
  30          
  31          
  32          // Buttons definition
  33          sbit BA = P3^4;
  34          sbit BB = P3^5;
  35          sbit BC = P3^6;
  36          sbit BD = P3^7;
  37          
  38          bit pressA = 0;
  39          bit pressB = 0;
  40          bit pressC = 0;
  41          bit pressD = 0;
  42          bit waitingState = 1;
  43          bit timeState = 0;
  44          bit answerState = 0;
  45          bit D1changed = 0;
  46          bit D2changed = 0;
  47          
  48          unsigned int counter = 0;     
  49          unsigned int counter1 = 0; 
  50          
  51          unsigned char D1;
  52          unsigned char D2;
  53          
  54          
C51 COMPILER V9.60.7.0   PROJETOC                                                          05/22/2024 12:59:53 PAGE 2   

  55          //Function declarations
  56          void Init(void);
  57          void display(unsigned char Display1, unsigned char Display2);
  58          
  59          void main (void)
  60          { 
  61   1        Init(); 
  62   1      
  63   1          while(1) {
  64   2            
  65   2            if (waitingState == 0) {
  66   3              
  67   3              // button has been pressed to start counting
  68   3              
  69   3              if (timeState == 1) {
  70   4                
  71   4                if (counter == (4*second) && D1changed == 0) {
  72   5                  
  73   5                  D1 = zeroDot;
  74   5                  D1changed = 1;
  75   5                  
  76   5                } else if (counter == (3*second) && D1changed == 0) {
  77   5                  
  78   5                  D1 = oneDot;
  79   5                  D1changed = 1;
  80   5                  
  81   5                } else if (counter == (2*second) && D1changed == 0) {
  82   5                  
  83   5                  D1 = twoDot;
  84   5                  D1changed = 1;
  85   5                  
  86   5                } else if (counter == second && D1changed == 0) {
  87   5                  
  88   5                  D1 = threeDot;
  89   5                  D1changed = 1;
  90   5                  
  91   5                } else if (counter == 0 && D1changed == 0 && timeState == 1) {
  92   5                  
  93   5                  D1 = fourDot;
  94   5                  D1changed = 1;
  95   5                  
  96   5                }
  97   4                
  98   4                if (counter1 == (9*tenthSecond) && D2changed == 0) {
  99   5                  
 100   5                  D2 = zero;
 101   5                  D2changed = 1;
 102   5                    
 103   5                } else if (counter1 == (8*tenthSecond) && D2changed == 0) {
 104   5                  
 105   5                  D2 = one;
 106   5                  D2changed = 1;
 107   5                  
 108   5                } else if (counter1 == (7*tenthSecond) && D2changed == 0) {
 109   5                  
 110   5                  D2 = two;
 111   5                  D2changed = 1;
 112   5                  
 113   5                } else if (counter1 == (6*tenthSecond) && D2changed == 0) {
 114   5                  
 115   5                  D2 = three;
 116   5                  D2changed = 1;
C51 COMPILER V9.60.7.0   PROJETOC                                                          05/22/2024 12:59:53 PAGE 3   

 117   5                  
 118   5                } else if (counter1 == (5*tenthSecond) && D2changed == 0) {
 119   5                  
 120   5                  D2 = four;
 121   5                  D2changed = 1;
 122   5                  
 123   5                } else if (counter1 == (4*tenthSecond) && D2changed == 0) {
 124   5                  
 125   5                  D2 = five;
 126   5                  D2changed = 1;
 127   5                  
 128   5                } else if (counter1 == (3*tenthSecond) && D2changed == 0) {
 129   5                  
 130   5                  D2 = six;
 131   5                  D2changed = 1;
 132   5                  
 133   5                } else if (counter1 == (2*tenthSecond) && D2changed == 0) {
 134   5                  
 135   5                  D2 = seven;
 136   5                  D2changed = 1;
 137   5                  
 138   5                } else if (counter1 == tenthSecond && D2changed == 0) {
 139   5                  
 140   5                  D2 = eight;
 141   5                  D2changed = 1;
 142   5                  
 143   5                } else if (counter1 == 0 && D2changed == 0 && timeState == 1) {
 144   5                  
 145   5                  D2 = nine;
 146   5                  D2changed = 1;
 147   5                  
 148   5                }
 149   4      
 150   4                if (D2changed == 1 || D2changed == 1) {
 151   5                  
 152   5                  display(D1, D2);
 153   5                  
 154   5                }
 155   4      
 156   4              }
 157   3              
 158   3              // answer state
 159   3              if (answerState == 1) {
 160   4                
 161   4                if (counter == (2*second) && D2changed == 0) {
 162   5                    
 163   5                    display(D1, D2);
 164   5                    
 165   5                    counter = 0; // repeat the cycle
 166   5                    
 167   5                  
 168   5                } else if (counter == second && D2changed == 0) {
 169   5                  
 170   5                  if (pressA == 1) {
 171   6                    
 172   6                    display(hifenDot, aLetter);
 173   6                    
 174   6                  } else if (pressB == 1) {
 175   6                    
 176   6                    display(hifenDot, bLetter);
 177   6                    
 178   6                  } else if (pressC == 1) {
C51 COMPILER V9.60.7.0   PROJETOC                                                          05/22/2024 12:59:53 PAGE 4   

 179   6                    
 180   6                    display(hifenDot, cLetter);
 181   6                    
 182   6                  } else if (pressD == 1) {
 183   6                    
 184   6                    display(hifenDot, dLetter);
 185   6                    
 186   6                  } else {
 187   6                    
 188   6                    display(hifenDot, hifen);
 189   6                    
 190   6                  }
 191   5                  
 192   5                } 
 193   4                
 194   4              }
 195   3            
 196   3            }
 197   2                  
 198   2          } 
 199   1      }
 200          void Init(void){
 201   1        
 202   1        //Configuration of interruptions
 203   1        EA = 1; //ativate global interruptions
 204   1        ET0 = 1; // activate timer interruption 0
 205   1        ET1 = 1; // activate timer interruption 1
 206   1        EX0 = 1; // activate external interruption 0
 207   1        EX1 = 1, // activate external interruption 1
 208   1        
 209   1        //Configure TMOD
 210   1        TMOD &= 0x00; //Clean initial 4 bits of timer 0 and 1
 211   1        TMOD |= 0x11; //Set timer 0 and 1 with 16 bits
 212   1        
 213   1        //Configure timer 0
 214   1        //Timer 0 - 50ms -> (65536(10000h) - 50000(3E8h) = 15536(3CB0h))
 215   1        TH0 = 0x3C; 
 216   1        TL0 = 0xB0;
 217   1        //Timer 1 - 50ms -> (65536(10000h) - 50000(3E8h) = 15536(3CB0h))
 218   1        TH1 = 0x3C; 
 219   1        TL1 = 0xB0;
 220   1        
 221   1      
 222   1        //Configure TCON
 223   1        IT0 = 1; //specify falling edge trigger on external interruption 0
 224   1        IT1 = 1; //specify falling edge trigger on external interruption 1
 225   1        
 226   1        display(fiveDot, zero);
 227   1      }
 228          
 229          void Timer0_ISR (void) interrupt 1 {  
 230   1        
 231   1        //Configure timer 0
 232   1        //Timer 0 - 50ms -> (65536(10000h) - 50000(C350h)= 15536(3CB0h))
 233   1        TH0 = 0x3C; 
 234   1        TL0 = 0xB0;
 235   1      
 236   1        counter++;
 237   1        
 238   1        if (counter % second == 0) {
 239   2          
 240   2          D1changed = 0;
C51 COMPILER V9.60.7.0   PROJETOC                                                          05/22/2024 12:59:53 PAGE 5   

 241   2          
 242   2        }
 243   1        
 244   1        
 245   1        
 246   1        // start showing answer state with no answer
 247   1        if(counter >= (5*second) && waitingState == 0 && timeState == 1){ 
 248   2          
 249   2          // reset timer
 250   2          counter = 0;  
 251   2      
 252   2          // change stats
 253   2          timeState = 0;
 254   2          answerState = 1;
 255   2          
 256   2          // bug fix
 257   2          D1 = zeroDot;
 258   2          D2 = zero;
 259   2          
 260   2        }
 261   1          
 262   1      }
 263          
 264          void Timer1_ISR (void) interrupt 3 {
 265   1        
 266   1        //Timer 1 - 50ms -> (65536(10000h) - 50000(3E8h) = 15536(3CB0h))
 267   1        TH1 = 0x3C; 
 268   1        TL1 = 0xB0;
 269   1        
 270   1        // increase counter
 271   1        counter1++;
 272   1        
 273   1        if (counter1 % tenthSecond == 0) {
 274   2          
 275   2          D2changed = 0;
 276   2        
 277   2        }
 278   1        
 279   1        
 280   1        if (counter1 >= second) {
 281   2          
 282   2          counter1 = 0;
 283   2          
 284   2        }
 285   1        
 286   1      
 287   1      }
 288          
 289          
 290          void External0_ISR (void) interrupt 0 {
 291   1        
 292   1        // change for non waiting state and start counting timer
 293   1        if (waitingState == 1 && answerState == 0) {
 294   2          
 295   2          waitingState = 0;
 296   2          timeState = 1;
 297   2            
 298   2          TR0 = 1;
 299   2          TR1 = 1;
 300   2          
 301   2          //Timer 0 - 50ms -> (65536(10000h) - 50000(3E8h) = 15536(3CB0h))
 302   2          TH0 = 0x3C; 
C51 COMPILER V9.60.7.0   PROJETOC                                                          05/22/2024 12:59:53 PAGE 6   

 303   2          TL0 = 0xB0;
 304   2          //Timer 1 - 50ms -> (65536(10000h) - 50000(3E8h) = 15536(3CB0h))
 305   2          TH1 = 0x3C; 
 306   2          TL1 = 0xB0;
 307   2      
 308   2          counter = 0;
 309   2          counter1 = 0;
 310   2          
 311   2        }
 312   1        
 313   1        // beginning state with 5.0s
 314   1        if (answerState == 1) {
 315   2          
 316   2          answerState = 0;
 317   2          waitingState = 1;
 318   2          
 319   2          pressA = 0;
 320   2          pressB = 0;
 321   2          pressC = 0;
 322   2          pressD = 0;
 323   2          
 324   2          counter = 0;
 325   2          counter1 =0;
 326   2          
 327   2          // bug fix
 328   2          D1 = fiveDot;
 329   2          D2 = zero;
 330   2          
 331   2          display(D1, D2);
 332   2          
 333   2          // stop timers
 334   2          TR0 = 0;
 335   2          TR1 = 0;
 336   2              
 337   2        }
 338   1      
 339   1        
 340   1      }
 341          
 342          void External1_ISR (void) interrupt 2 {
 343   1        
 344   1        // check which button has been pressed
 345   1        if (waitingState == 0 && answerState == 0) {
 346   2          
 347   2          if (~BA) {
 348   3          
 349   3            pressA = 1;
 350   3            
 351   3            // change states
 352   3            timeState = 0;
 353   3            answerState = 1;
 354   3          
 355   3          } else if (~BB) {
 356   3          
 357   3            pressB = 1;
 358   3            
 359   3            // change states
 360   3            timeState = 0;
 361   3            answerState = 1;
 362   3          
 363   3          } else if (~BC) {
 364   3          
C51 COMPILER V9.60.7.0   PROJETOC                                                          05/22/2024 12:59:53 PAGE 7   

 365   3            pressC = 1;
 366   3            
 367   3            // change states
 368   3            timeState = 0;
 369   3            answerState = 1;
 370   3        
 371   3          } else if (~BD) {
 372   3          
 373   3            pressD = 1;
 374   3      
 375   3            // change states
 376   3            timeState = 0;
 377   3            answerState = 1;      
 378   3          }
 379   2          
 380   2          counter = 0;
 381   2          counter1 = 0;
 382   2          
 383   2        }
 384   1        
 385   1        
 386   1      }
 387          
 388          void display(unsigned char Display1, unsigned char Display2)
 389          {
 390   1      
 391   1        P1 = Display1;
 392   1        P2 = Display2;
 393   1      
 394   1      }


MODULE INFORMATION:   STATIC OVERLAYABLE
   CODE SIZE        =    767    ----
   CONSTANT SIZE    =   ----    ----
   XDATA SIZE       =   ----    ----
   PDATA SIZE       =   ----    ----
   DATA SIZE        =      6    ----
   IDATA SIZE       =   ----    ----
   BIT SIZE         =      9    ----
END OF MODULE INFORMATION.


C51 COMPILATION COMPLETE.  0 WARNING(S),  0 ERROR(S)
